
> belajar-api@1.0.0 dev
> nodemon src/index.js

[33m[nodemon] 3.1.14[39m
[33m[nodemon] to restart at any time, enter `rs`[39m
[33m[nodemon] watching path(s): *.*[39m
[33m[nodemon] watching extensions: js,mjs,cjs,json[39m
[32m[nodemon] starting `node src/index.js`[39m
[dotenv@17.3.1] injecting env (14) from .env -- tip: ⚙️  enable debug logging with { debug: true }
[dotenv@17.3.1] injecting env (0) from .env -- tip: ⚙️  load multiple .env files with { path: ['.env.local', '.env'] }
[dotenv@17.3.1] injecting env (0) from .env -- tip: ⚙️  load multiple .env files with { path: ['.env.local', '.env'] }
[dotenv@17.3.1] injecting env (0) from .env -- tip: ⚙️  specify custom .env file path with { path: '/custom/path/.env' }
🚀 Server API berjalan di http://0.0.0.0:3000
[mock-plant] Auto sender aktif untuk plant "Plant Testing" dengan interval 300000 ms.
✅ MQTT Connected
📡 Subscribed to All device data
🔍 Device IDs: [ { device_id: 'INV001' } ]
🔍 Device IDs: [ { device_id: 'INV001' } ]
🔍 Device IDs: [ { device_id: 'INV001' } ]
🔍 Device IDs: [ { device_id: 'INV001' } ]
🔍 Device IDs: [ { device_id: 'INV001' } ]
🔍 Device IDs: [ { device_id: 'INV001' } ]
🔍 Device IDs: [ { device_id: 'INV001' } ]
🔍 Device IDs: [ { device_id: 'INV001' } ]
📩 Parsed Data: 32 rows
🔍 Device IDs: [ { device_id: 'INV001' } ]
🔍 Device IDs: [ { device_id: 'INV001' } ]
🔍 Device IDs: [ { device_id: 'INV001' } ]
🔍 Device IDs: [ { device_id: 'INV001' } ]
🔍 Device IDs: [ { device_id: 'INV001' } ]
🔍 Device IDs: [ { device_id: 'INV001' } ]
🔍 Device IDs: [ { device_id: 'INV001' } ]
🔍 Device IDs: [ { device_id: 'INV001' } ]
[31m[nodemon] app crashed - waiting for file changes before starting...[39m
